2023-02-13 14:07:06,370 -fail- action from project
2023-02-13 14:07:33,959 -fail- action from project
2023-02-13 14:07:33,959 -Tick- action from project
2023-02-13 14:07:37,372 -fail- action from project
2023-02-13 14:07:37,372 -Tick- action from project
2023-02-13 14:07:37,372 -Tick Data Structure- action from project
2023-02-13 14:07:40,506 -fail- action from project
2023-02-13 14:07:40,506 -Tick- action from project
2023-02-13 14:07:40,506 -Tick Data Structure- action from project
2023-02-13 14:07:40,506 -fail- action from project
2023-02-13 14:07:43,777 -fail- action from project
2023-02-13 14:07:43,777 -Tick- action from project
2023-02-13 14:07:43,777 -Tick Data Structure- action from project
2023-02-13 14:07:43,777 -fail- action from project
2023-02-13 14:07:43,777 -Trade Cancellation Data Structure- action from project
2023-02-13 14:45:13,654 -fail- action from project
2023-02-13 14:46:03,352 -fail- action from project
2023-02-13 14:46:03,352 -fail- action from project
2023-02-13 14:53:14,724 -fail- action from project
2023-02-13 14:53:57,360 -fail- action from project
2023-02-13 14:53:57,360 -fail- action from project
2023-02-13 14:56:15,120 -fail- action from project
2023-02-13 14:58:17,144 -fail- action from project
2023-02-13 15:03:16,744 -fail- action from project
2023-02-13 15:04:30,060 -fail- action from project
2023-02-13 15:11:18,836 -fail- action from project
2023-02-13 15:16:22,117 -Tick- action from project
2023-02-13 15:16:25,985 -Tick- action from project
2023-02-13 15:16:25,985 -Tick Data Structure- action from project
2023-02-13 15:16:29,245 -Tick- action from project
2023-02-13 15:16:29,245 -Tick Data Structure- action from project
2023-02-13 15:16:29,245 -Trade Cancellation Data- action from project
2023-02-13 15:16:32,442 -Tick- action from project
2023-02-13 15:16:32,442 -Tick Data Structure- action from project
2023-02-13 15:16:32,442 -Trade Cancellation Data- action from project
2023-02-13 15:16:32,442 -Trade Cancellation Data Structure- action from project
2023-02-13 15:22:55,768 -Tick- action from project
2023-02-13 15:23:01,739 -Tick- action from project
2023-02-13 15:23:01,739 -Tick Data Structure- action from project
2023-02-13 15:23:07,386 -Tick- action from project
2023-02-13 15:23:07,386 -Tick Data Structure- action from project
2023-02-13 15:23:07,386 -Trade Cancellation Data- action from project
2023-02-13 15:23:12,702 -Tick- action from project
2023-02-13 15:23:12,702 -Tick Data Structure- action from project
2023-02-13 15:23:12,702 -Trade Cancellation Data- action from project
2023-02-13 15:23:12,702 -Trade Cancellation Data Structure- action from project
2023-02-13 15:24:43,069 -Tick- action from project
2023-02-13 15:26:29,774 -Tick- action from project
2023-02-13 15:30:01,731 -Tick- action from project
2023-02-13 15:33:30,522 -Tick- action from project
2023-02-13 15:36:45,305 -Tick- action from project
2023-02-13 15:46:56,586 -Tick- action from project
2023-02-13 15:50:49,943 -fail- action from project
2023-02-13 15:59:47,891 -fail- action from project
2023-02-13 16:03:40,170 -fail- action from project
2023-02-13 16:04:50,945 -fail- action from project
2023-02-13 16:04:50,945 -fail- action from project
2023-02-13 16:08:35,701 -Tick- action from project
2023-02-13 16:11:23,295 -Tick- action from project
2023-02-13 16:18:07,666 -Tick- action from project
2023-02-13 16:21:50,541 -fail- action from project
2023-02-13 16:25:06,079 -fail- action from project
2023-02-13 16:25:06,079 -Tick- action from project
2023-02-13 16:30:20,431 -Tick- action from project
2023-02-13 16:32:51,283 -Tick- action from project
2023-02-13 16:32:51,283 -fail- action from project
